12-May-83  1241		DSK:*.*[T10,SYS] /NAME/EXT

 File  Ext   PPN  Pro   Size    Date   Time Writer Using  Reference  % Ref#    Dumped   
******* Normal Page:  57 files (482 blocks) ******* 
ACTSYM UNV T10SYS 000    4.0 22-Jan-83 1612   1 ME FTP    22-Jan-83  0    0  6-Feb-83P 2
CLOCK1 MAC T10SYS 000   12.9  5-Mar-83 2004   1JJW E      20-Apr-83  6    4 13-Apr-83P 2
COMCON MAC T10SYS 000   29.7 26-Jan-83 1036   1JJW E       4-Apr-83  3    3  6-Feb-83P 2
COMDEV MAC T10SYS 000    9.0 22-Jan-83 1457   1 ME FTP    11-Mar-83  1    1  6-Feb-83P 2
COMMOD MAC T10SYS 000   15.6 22-Jan-83 1528   1 ME FTP    28-Feb-83  2    2  6-Feb-83P 2
COMMON BAK T10SYS 000   27.8 22-Jan-83 1617   1 ME FTP    23-Jan-83  1    1  6-Feb-83P 2
COMMON CTL T10SYS 000    0.1 22-Jan-83 1556   1 ME FTP    23-Jan-83  1    1  6-Feb-83P 2
COMMON MAC T10SYS 000   27.6 22-Jan-83 1510   1 ME FTP     8-Apr-83  5    5  6-Feb-83P 2
COMMON NEW T10SYS 000   27.8 22-Jan-83 1622   1 ME FTP    23-Jan-83  1    1  6-Feb-83P 2
COMNET MAC T10SYS 000    1.8 22-Jan-83 1450   1 ME FTP    28-Feb-83  2    2  6-Feb-83P 2
CORE1  MAC T10SYS 000    2.9 23-Jan-83 2107   1JJW E       4-Apr-83  4    4  6-Feb-83P 2
DIR    LST T10SYS 000    0.3 22-Jan-83 1549   1 ME E      22-Jan-83  0    0  6-Feb-83P 2
F      MAC T10SYS 000    1.1 22-Jan-83 1450   1 ME FTP    15-Feb-83  1    1  6-Feb-83P 2
F      REL T10SYS 000    0.2 22-Jan-83 1615   1 ME FTP    22-Jan-83  0    0  6-Feb-83P 2
F      UNV T10SYS 000    0.2 22-Jan-83 1615   1 ME FTP    23-Jan-83  1    1  6-Feb-83P 2
FGEN   MIC T10SYS 000    0.1 22-Jan-83 1611   1 ME FTP    23-Jan-83  1    1  6-Feb-83P 2
HDWCNF MAC T10SYS 000    0.9 22-Jan-83 1456   1 ME FTP    22-Jan-83  0    0  6-Feb-83P 2
HDWCNF MIC T10SYS 000    0.3 22-Jan-83 1611   1 ME FTP    22-Jan-83  0    0  6-Feb-83P 2
I      DEC T10SYS 000    1.2 22-Jan-83 1606   1 ME FTP    22-Jan-83  0    0  6-Feb-83P 2
I      MAC T10SYS 000    1.2 22-Jan-83 1459   1 ME FTP     4-Apr-83  4    4  6-Feb-83P 2
IMP    MAC T10SYS 000    0.8 22-Jan-83 1520   1 ME FTP    23-Jan-83  1    1  6-Feb-83P 2
IMPCOM MAC T10SYS 000    8.9 26-Jan-83 1110   1JJW E      26-Jan-83  0    0  6-Feb-83P 2
IMPINT DEC T10SYS 000    0.8 22-Jan-83 1606   1 ME FTP    22-Jan-83  0    0  6-Feb-83P 2
IMPINT MAC T10SYS 000    0.8 22-Jan-83 1459   1 ME FTP    11-Mar-83  5    6  6-Feb-83P 2
IMPSER DEC T10SYS 000    9.9 22-Jan-83 1606   1 ME FTP    22-Jan-83  0    0  6-Feb-83P 2
IMPSER MAC T10SYS 000   10.3 22-Jan-83 1534   1 ME FTP    16-Feb-83  1    1  6-Feb-83P 2
IMPSER OLD T10SYS 000   10.4 22-Jan-83 1558   1 ME FTP    22-Jan-83  0    0  6-Feb-83P 2
IMPSUB MAC T10SYS 000    6.1 22-Jan-83 1521   1 ME FTP    22-Jan-83  0    0  6-Feb-83P 2
IMPUUO RNO T10SYS 000    4.0 22-Jan-83 1605   1 ME FTP    22-Jan-83  0    0  6-Feb-83P 2
LNKSER DEC T10SYS 000    2.6 22-Jan-83 1608   1 ME FTP    22-Jan-83  0    0  6-Feb-83P 2
LNKSER MAC T10SYS 000    2.5 22-Jan-83 1501   1 ME FTP     4-Apr-83  4    4  6-Feb-83P 2
LOGIN  HLP T10SYS 000    0.6 22-Jan-83 1612   1 ME FTP    22-Jan-83  0    0  6-Feb-83P 2
LOGIN  MAC T10SYS 000   18.2 22-Jan-83 1525   1 ME FTP    23-Jan-83  1    1  6-Feb-83P 2
LOGIN  PAR T10SYS 000    0.1 22-Jan-83 1612   1 ME FTP    22-Jan-83  0    0  6-Feb-83P 2
MAIN   FIN T10SYS 000   26.9 22-Jan-83 1551   1 ME FTP    22-Jan-83  0    0  6-Feb-83P 2
MONBTS REL T10SYS 000    1.6 22-Jan-83 1615   1 ME FTP    22-Jan-83  0    0  6-Feb-83P 2
MONGEN EXE T10SYS 000    4.3 22-Jan-83 1614   1 ME FTP    22-Jan-83  0    0  6-Feb-83P 2
MONGEN MAC T10SYS 000   13.4 22-Jan-83 1454   1 ME FTP     1-Mar-83  2    2  6-Feb-83P 2
MONGEN REL T10SYS 000    6.0 22-Jan-83 1613   1 ME FTP    22-Jan-83  0    0  6-Feb-83P 2
NETCNF MAC T10SYS 000    0.3 22-Jan-83 1450   1 ME FTP     4-Apr-83  3    3  6-Feb-83P 2
NETCNF MIC T10SYS 000    0.1 22-Jan-83 1611   1 ME FTP    22-Jan-83  0    0  6-Feb-83P 2
NETCON DEC T10SYS 000   10.5 22-Jan-83 1609   1 ME FTP    22-Jan-83  0    0  6-Feb-83P 2
NETCON MAC T10SYS 000   10.7 22-Jan-83 1532   1 ME FTP    22-Jan-83  0    0  6-Feb-83P 2
NETCON OLD T10SYS 000   10.6 22-Jan-83 1556   1 ME FTP    22-Jan-83  0    0  6-Feb-83P 2
S      MAC T10SYS 000   15.2 22-Jan-83 1451   1 ME FTP    22-Jan-83  0    0  6-Feb-83P 2
S      REL T10SYS 000    1.7 22-Jan-83 1616   1 ME FTP    22-Jan-83  0    0  6-Feb-83P 2
S      UNV T10SYS 000    3.6 22-Jan-83 1616   1 ME FTP    23-Jan-83  1    1  6-Feb-83P 2
SCHED1 MAC T10SYS 000   10.7 22-Jan-83 1508   1 ME FTP     4-Apr-83  3    3  6-Feb-83P 2
SCNSER MAC T10SYS 000   30.8 23-Jan-83 2056   1JJW E      18-Feb-83  3    3  6-Feb-83P 2
SCNSER OLD T10SYS 000   24.1 22-Jan-83 1600   1 ME FTP    22-Jan-83  0    0  6-Feb-83P 2
SWITCH INI T10SYS 000    0.1 22-Jan-83 1551   1 ME FTP    22-Jan-83  0    0  6-Feb-83P 2
SYSINI MAC T10SYS 000    4.8 22-Jan-83 1502   1 ME FTP     9-Apr-83  6    7  6-Feb-83P 2
TTYCNF MAC T10SYS 000    0.4 22-Jan-83 1450   1 ME FTP     4-Apr-83  3    3  6-Feb-83P 2
TTYCNF MIC T10SYS 000    0.1 22-Jan-83 1611   1 ME FTP    22-Jan-83  0    0  6-Feb-83P 2
TULIP  MAC T10SYS 000    1.8 22-Jan-83 1523   1 ME FTP    22-Jan-83  0    0  6-Feb-83P 2
TULLIB MAC T10SYS 000    4.4 22-Jan-83 1522   1 ME FTP    22-Jan-83  0    0  6-Feb-83P 2
UUOCON MAC T10SYS 000   32.4 23-Jan-83 2030   1JJW E      27-Apr-83 17   19  6-Feb-83P 2
